../Drivers/CMSIS/Include/core_cm4.h:2064:26:ITM_SendChar	16	static,ignoring_inline_asm
../Core/Src/main.c:109:6:HAL_TIM_IC_CaptureCallback	56	static
../Core/Src/main.c:134:5:_write	32	static
../Core/Src/main.c:148:5:main	128	static
../Core/Src/main.c:252:6:SystemClock_Config	88	static
../Core/Src/main.c:298:13:MX_TIM1_Init	96	static
../Core/Src/main.c:385:13:MX_TIM2_Init	64	static
../Core/Src/main.c:444:13:MX_TIM3_Init	56	static
../Core/Src/main.c:493:13:MX_TIM4_Init	56	static
../Core/Src/main.c:542:13:MX_TIM5_Init	56	static
../Core/Src/main.c:591:13:MX_TIM10_Init	40	static
../Core/Src/main.c:637:13:MX_USART2_UART_Init	8	static
../Core/Src/main.c:668:13:MX_DMA_Init	16	static
../Core/Src/main.c:690:13:MX_GPIO_Init	48	static
../Core/Src/main.c:754:6:HAL_GPIO_EXTI_Callback	16	static
../Core/Src/main.c:767:6:Task_dataSender	16	static
../Core/Src/main.c:790:6:Task_SMotor	104	static
../Core/Src/main.c:864:6:Task_dataReceiver	24	static
../Core/Src/main.c:896:6:Task_timeCounter	64	static
../Core/Src/main.c:932:6:HAL_TIM_PeriodElapsedCallback	16	static
../Core/Src/main.c:948:6:Error_Handler	4	static,ignoring_inline_asm
